06.05.2026 09:59:35 [AUDIT] ADMIN_CRUD entity=routing_policy action=create actor=admin details={"id": "1", "notification_type_id": "1", "target_kind": "users", "status_ids": "[omitted]", "version_ids": "[omitted]", "priority_ids": "[omitted]"}
06.05.2026 09:59:48 [AUDIT] ADMIN_CRUD entity=routing_policy action=update actor=admin details={"id": "1", "notification_type_id": "1", "target_kind": "users", "status_ids": "[omitted]", "version_ids": "[omitted]", "priority_ids": "[omitted]"}
06.05.2026 10:46:48 [AUDIT] ADMIN_CRUD entity=routing_policy action=delete actor=admin details={"id": "1", "name": "новая"}
07.05.2026 18:47:48 [AUDIT] ADMIN_CRUD entity=routing_policy action=create actor=admin details={"id": "2", "action_kind": "updated", "notification_type_id": "6", "recipient_modes": "[omitted]", "status_ids": "[omitted]", "version_ids": "[omitted]", "priority_ids": "[omitted]"}
07.05.2026 18:47:57 [AUDIT] ADMIN_CRUD entity=routing_policy action=delete actor=admin details={"id": "2", "name": "Информация_предоставлена"}
07.05.2026 18:48:25 [AUDIT] ADMIN_CRUD entity=routing_policy action=create actor=admin details={"id": "3", "action_kind": "updated", "notification_type_id": "6", "recipient_modes": "[omitted]", "status_ids": "[omitted]", "version_ids": "[omitted]", "priority_ids": "[omitted]"}
07.05.2026 18:50:31 [AUDIT] ADMIN_CRUD entity=routing_policy action=delete actor=admin details={"id": "3", "name": "policy"}
07.05.2026 18:50:32 [AUDIT] ADMIN_CRUD entity=routing_policy action=create actor=admin details={"id": "4", "action_kind": "updated", "notification_type_id": "6", "recipient_modes": "[omitted]", "status_ids": "[omitted]", "version_ids": "[omitted]", "priority_ids": "[omitted]"}
07.05.2026 18:50:42 [AUDIT] ADMIN_CRUD entity=routing_policy action=update actor=admin details={"id": "4", "action_kind": "updated", "notification_type_id": "6", "recipient_modes": "[omitted]", "status_ids": "[omitted]", "version_ids": "[omitted]", "priority_ids": "[omitted]", "enabled": "1"}
07.05.2026 19:00:22 [AUDIT] ADMIN_CRUD entity=routing_policy action=create actor=admin details={"id": "5", "action_kind": "updated", "notification_type_id": "6", "recipient_modes": "[omitted]", "status_ids": "[omitted]", "version_ids": "[omitted]", "priority_ids": "[omitted]"}
07.05.2026 19:00:27 [AUDIT] ADMIN_CRUD entity=routing_policy action=create actor=admin details={"id": "6", "action_kind": "updated", "notification_type_id": "6", "recipient_modes": "[omitted]", "status_ids": "[omitted]", "version_ids": "[omitted]", "priority_ids": "[omitted]"}
07.05.2026 19:00:37 [AUDIT] ADMIN_CRUD entity=routing_policy action=delete actor=admin details={"id": "4", "name": "policy"}
07.05.2026 19:00:40 [AUDIT] ADMIN_CRUD entity=routing_policy action=delete actor=admin details={"id": "5", "name": "policy"}
07.05.2026 19:00:44 [AUDIT] ADMIN_CRUD entity=routing_policy action=delete actor=admin details={"id": "6", "name": "policy"}
07.05.2026 19:00:55 [AUDIT] ADMIN_CRUD entity=routing_policy action=create actor=admin details={"id": "7", "action_kind": "updated", "notification_type_id": "6", "recipient_modes": "[omitted]", "status_ids": "[omitted]", "version_ids": "[omitted]", "priority_ids": "[omitted]"}
07.05.2026 19:12:40 [AUDIT] ADMIN_CRUD entity=routing_policy action=create actor=admin details={"id": "8", "action_kind": "updated", "notification_type_id": "6", "recipient_modes": "[omitted]", "status_ids": "[omitted]", "version_ids": "[omitted]", "priority_ids": "[omitted]"}
07.05.2026 19:13:14 [AUDIT] ADMIN_CRUD entity=routing_policy action=create actor=admin details={"id": "9", "action_kind": "updated", "notification_type_id": "6", "recipient_modes": "[omitted]", "status_ids": "[omitted]", "version_ids": "[omitted]", "priority_ids": "[omitted]"}
07.05.2026 19:26:48 [AUDIT] ADMIN_CRUD entity=routing_policy action=delete actor=admin details={"id": "7", "name": "policy"}
07.05.2026 19:26:49 [AUDIT] ADMIN_CRUD entity=routing_policy action=delete actor=admin details={"id": "8", "name": "policy"}
07.05.2026 19:26:53 [AUDIT] ADMIN_CRUD entity=routing_policy action=delete actor=admin details={"id": "9", "name": "policy"}
08.05.2026 11:38:43 [AUDIT] ADMIN_CRUD entity=routing_policy action=create actor=admin details={"id": "10", "action_kind": "updated", "notification_type_id": "6", "recipient_modes": "[omitted]", "status_ids": "[omitted]", "version_ids": "[omitted]", "priority_ids": "[omitted]"}
08.05.2026 11:57:17 [AUDIT] ADMIN_CRUD entity=routing_policy action=delete actor=admin details={"id": "10", "name": "policy"}
08.05.2026 12:00:52 [AUDIT] ADMIN_CRUD entity=routing_policy action=create actor=admin details={"id": "11", "action_kind": "updated", "notification_type_id": "6", "recipient_modes": "[omitted]", "status_ids": "[omitted]", "version_ids": "[omitted]", "priority_ids": "[omitted]"}
08.05.2026 12:02:51 [AUDIT] ADMIN_CRUD entity=routing_policy action=delete actor=admin details={"id": "11", "name": "Обновление_задачи_для_исполнителя"}
08.05.2026 12:39:53 [AUDIT] ADMIN_CRUD entity=routing_policy action=create actor=admin details={"id": "12", "action_kind": "updated", "notification_type_id": "6", "recipient_modes": "[omitted]", "status_ids": "[omitted]", "version_ids": "[omitted]", "priority_ids": "[omitted]"}
08.05.2026 12:41:08 [AUDIT] ADMIN_CRUD entity=routing_policy action=create actor=admin details={"id": "13", "action_kind": "created", "notification_type_id": "1", "recipient_modes": "[omitted]", "status_ids": "[omitted]", "version_ids": "[omitted]", "priority_ids": "[omitted]"}
08.05.2026 12:44:02 [AUDIT] ADMIN_CRUD entity=group action=create actor=admin entity_id=1 details={"id": "1", "name": "тест_РВ"}
08.05.2026 12:44:32 [AUDIT] ADMIN_CRUD entity=bot_user action=update actor=admin entity_id=1 details={"id": "1", "redmine_id": "1972"}
08.05.2026 19:39:27 [AUDIT] ADMIN_CRUD entity=group action=update actor=admin entity_id=1 details={"id": "1", "name": "тест_РВ"}
09.05.2026 09:06:22 [AUDIT] ADMIN_CRUD entity=bot_user action=update actor=admin entity_id=1 details={"id": "1", "redmine_id": "1972"}
09.05.2026 09:06:29 [AUDIT] ADMIN_CRUD entity=group action=update actor=admin entity_id=1 details={"id": "1", "name": "тест_РВ"}
12.05.2026 10:50:17 [AUDIT] ADMIN_CRUD entity=group action=create actor=admin entity_id=2 details={"id": "2", "name": "ТП_РЕД_ВИРТ"}
12.05.2026 10:51:29 [AUDIT] ADMIN_CRUD entity=routing_policy action=update actor=admin details={"id": "13", "action_kind": "created", "notification_type_id": "1", "recipient_modes": "[omitted]", "status_ids": "[omitted]", "version_ids": "[omitted]", "priority_ids": "[omitted]", "enabled": "1"}
12.05.2026 10:51:32 [AUDIT] ADMIN_CRUD entity=routing_policy action=update actor=admin details={"id": "12", "action_kind": "updated", "notification_type_id": "6", "recipient_modes": "[omitted]", "status_ids": "[omitted]", "version_ids": "[omitted]", "priority_ids": "[omitted]", "enabled": "1"}
